Archive member included to satisfy reference by file (symbol)

c:/st/stm32cubeide_1.4.0/stm32cubeide/plugins/com.st.stm32cube.ide.mcu.externaltools.gnu-tools-for-stm32.7-2018-q2-update.win32_1.4.0.202007081208/tools/bin/../lib/gcc/arm-none-eabi/7.3.1/../../../../arm-none-eabi/lib/thumb/v7e-m/fpv4-sp/hard\libc_nano.a(lib_a-errno.o)
                              Core/Src/syscalls.o (__errno)
c:/st/stm32cubeide_1.4.0/stm32cubeide/plugins/com.st.stm32cube.ide.mcu.externaltools.gnu-tools-for-stm32.7-2018-q2-update.win32_1.4.0.202007081208/tools/bin/../lib/gcc/arm-none-eabi/7.3.1/../../../../arm-none-eabi/lib/thumb/v7e-m/fpv4-sp/hard\libc_nano.a(lib_a-exit.o)
                              c:/st/stm32cubeide_1.4.0/stm32cubeide/plugins/com.st.stm32cube.ide.mcu.externaltools.gnu-tools-for-stm32.7-2018-q2-update.win32_1.4.0.202007081208/tools/bin/../lib/gcc/arm-none-eabi/7.3.1/../../../../arm-none-eabi/lib/thumb/v7e-m/fpv4-sp/hard/crt0.o (exit)
c:/st/stm32cubeide_1.4.0/stm32cubeide/plugins/com.st.stm32cube.ide.mcu.externaltools.gnu-tools-for-stm32.7-2018-q2-update.win32_1.4.0.202007081208/tools/bin/../lib/gcc/arm-none-eabi/7.3.1/../../../../arm-none-eabi/lib/thumb/v7e-m/fpv4-sp/hard\libc_nano.a(lib_a-impure.o)
                              c:/st/stm32cubeide_1.4.0/stm32cubeide/plugins/com.st.stm32cube.ide.mcu.externaltools.gnu-tools-for-stm32.7-2018-q2-update.win32_1.4.0.202007081208/tools/bin/../lib/gcc/arm-none-eabi/7.3.1/../../../../arm-none-eabi/lib/thumb/v7e-m/fpv4-sp/hard\libc_nano.a(lib_a-exit.o) (_global_impure_ptr)
c:/st/stm32cubeide_1.4.0/stm32cubeide/plugins/com.st.stm32cube.ide.mcu.externaltools.gnu-tools-for-stm32.7-2018-q2-update.win32_1.4.0.202007081208/tools/bin/../lib/gcc/arm-none-eabi/7.3.1/../../../../arm-none-eabi/lib/thumb/v7e-m/fpv4-sp/hard\libc_nano.a(lib_a-init.o)
                              c:/st/stm32cubeide_1.4.0/stm32cubeide/plugins/com.st.stm32cube.ide.mcu.externaltools.gnu-tools-for-stm32.7-2018-q2-update.win32_1.4.0.202007081208/tools/bin/../lib/gcc/arm-none-eabi/7.3.1/../../../../arm-none-eabi/lib/thumb/v7e-m/fpv4-sp/hard/crt0.o (__libc_init_array)
c:/st/stm32cubeide_1.4.0/stm32cubeide/plugins/com.st.stm32cube.ide.mcu.externaltools.gnu-tools-for-stm32.7-2018-q2-update.win32_1.4.0.202007081208/tools/bin/../lib/gcc/arm-none-eabi/7.3.1/../../../../arm-none-eabi/lib/thumb/v7e-m/fpv4-sp/hard\libc_nano.a(lib_a-memset.o)
                              c:/st/stm32cubeide_1.4.0/stm32cubeide/plugins/com.st.stm32cube.ide.mcu.externaltools.gnu-tools-for-stm32.7-2018-q2-update.win32_1.4.0.202007081208/tools/bin/../lib/gcc/arm-none-eabi/7.3.1/../../../../arm-none-eabi/lib/thumb/v7e-m/fpv4-sp/hard/crt0.o (memset)

Discarded input sections

 .text          0x0000000000000000        0x0 c:/st/stm32cubeide_1.4.0/stm32cubeide/plugins/com.st.stm32cube.ide.mcu.externaltools.gnu-tools-for-stm32.7-2018-q2-update.win32_1.4.0.202007081208/tools/bin/../lib/gcc/arm-none-eabi/7.3.1/thumb/v7e-m/fpv4-sp/hard/crti.o
 .data          0x0000000000000000        0x0 c:/st/stm32cubeide_1.4.0/stm32cubeide/plugins/com.st.stm32cube.ide.mcu.externaltools.gnu-tools-for-stm32.7-2018-q2-update.win32_1.4.0.202007081208/tools/bin/../lib/gcc/arm-none-eabi/7.3.1/thumb/v7e-m/fpv4-sp/hard/crti.o
 .bss           0x0000000000000000        0x0 c:/st/stm32cubeide_1.4.0/stm32cubeide/plugins/com.st.stm32cube.ide.mcu.externaltools.gnu-tools-for-stm32.7-2018-q2-update.win32_1.4.0.202007081208/tools/bin/../lib/gcc/arm-none-eabi/7.3.1/thumb/v7e-m/fpv4-sp/hard/crti.o
 .data          0x0000000000000000        0x4 c:/st/stm32cubeide_1.4.0/stm32cubeide/plugins/com.st.stm32cube.ide.mcu.externaltools.gnu-tools-for-stm32.7-2018-q2-update.win32_1.4.0.202007081208/tools/bin/../lib/gcc/arm-none-eabi/7.3.1/thumb/v7e-m/fpv4-sp/hard/crtbegin.o
 .text          0x0000000000000000       0x74 c:/st/stm32cubeide_1.4.0/stm32cubeide/plugins/com.st.stm32cube.ide.mcu.externaltools.gnu-tools-for-stm32.7-2018-q2-update.win32_1.4.0.202007081208/tools/bin/../lib/gcc/arm-none-eabi/7.3.1/../../../../arm-none-eabi/lib/thumb/v7e-m/fpv4-sp/hard/crt0.o
 .data          0x0000000000000000        0x0 c:/st/stm32cubeide_1.4.0/stm32cubeide/plugins/com.st.stm32cube.ide.mcu.externaltools.gnu-tools-for-stm32.7-2018-q2-update.win32_1.4.0.202007081208/tools/bin/../lib/gcc/arm-none-eabi/7.3.1/../../../../arm-none-eabi/lib/thumb/v7e-m/fpv4-sp/hard/crt0.o
 .bss           0x0000000000000000        0x0 c:/st/stm32cubeide_1.4.0/stm32cubeide/plugins/com.st.stm32cube.ide.mcu.externaltools.gnu-tools-for-stm32.7-2018-q2-update.win32_1.4.0.202007081208/tools/bin/../lib/gcc/arm-none-eabi/7.3.1/../../../../arm-none-eabi/lib/thumb/v7e-m/fpv4-sp/hard/crt0.o
 .ARM.extab     0x0000000000000000        0x0 c:/st/stm32cubeide_1.4.0/stm32cubeide/plugins/com.st.stm32cube.ide.mcu.externaltools.gnu-tools-for-stm32.7-2018-q2-update.win32_1.4.0.202007081208/tools/bin/../lib/gcc/arm-none-eabi/7.3.1/../../../../arm-none-eabi/lib/thumb/v7e-m/fpv4-sp/hard/crt0.o
[...]
Memory Configuration

Name             Origin             Length             Attributes
CCMRAM           0x0000000010000000 0x0000000000001000 xrw
RAM              0x0000000020000000 0x0000000000003000 xrw
FLASH            0x0000000008000000 0x0000000000010000 xr
*default*        0x0000000000000000 0xffffffffffffffff

Linker script and memory map

LOAD c:/st/stm32cubeide_1.4.0/stm32cubeide/plugins/com.st.stm32cube.ide.mcu.externaltools.gnu-tools-for-stm32.7-2018-q2-update.win32_1.4.0.202007081208/tools/bin/../lib/gcc/arm-none-eabi/7.3.1/thumb/v7e-m/fpv4-sp/hard/crti.o
LOAD c:/st/stm32cubeide_1.4.0/stm32cubeide/plugins/com.st.stm32cube.ide.mcu.externaltools.gnu-tools-for-stm32.7-2018-q2-update.win32_1.4.0.202007081208/tools/bin/../lib/gcc/arm-none-eabi/7.3.1/thumb/v7e-m/fpv4-sp/hard/crtbegin.o
LOAD c:/st/stm32cubeide_1.4.0/stm32cubeide/plugins/com.st.stm32cube.ide.mcu.externaltools.gnu-tools-for-stm32.7-2018-q2-update.win32_1.4.0.202007081208/tools/bin/../lib/gcc/arm-none-eabi/7.3.1/../../../../arm-none-eabi/lib/thumb/v7e-m/fpv4-sp/hard/crt0.o
LOAD Core/Src/gpio.o
LOAD Core/Src/main.o
LOAD Core/Src/stm32f3xx_it.o
LOAD Core/Src/syscalls.o
LOAD Core/Src/sysmem.o
LOAD Core/Src/system_stm32f3xx.o
LOAD Core/Startup/startup_stm32f303k8tx.o
LOAD Drivers/STM32F3xx_HAL_Driver/Src/stm32f3xx_ll_exti.o
LOAD Drivers/STM32F3xx_HAL_Driver/Src/stm32f3xx_ll_gpio.o
LOAD Drivers/STM32F3xx_HAL_Driver/Src/stm32f3xx_ll_rcc.o
LOAD Drivers/STM32F3xx_HAL_Driver/Src/stm32f3xx_ll_utils.o
START GROUP
LOAD c:/st/stm32cubeide_1.4.0/stm32cubeide/plugins/com.st.stm32cube.ide.mcu.externaltools.gnu-tools-for-stm32.7-2018-q2-update.win32_1.4.0.202007081208/tools/bin/../lib/gcc/arm-none-eabi/7.3.1/../../../../arm-none-eabi/lib/thumb/v7e-m/fpv4-sp/hard\libc_nano.a
LOAD c:/st/stm32cubeide_1.4.0/stm32cubeide/plugins/com.st.stm32cube.ide.mcu.externaltools.gnu-tools-for-stm32.7-2018-q2-update.win32_1.4.0.202007081208/tools/bin/../lib/gcc/arm-none-eabi/7.3.1/../../../../arm-none-eabi/lib/thumb/v7e-m/fpv4-sp/hard\libm.a
END GROUP
START GROUP
LOAD c:/st/stm32cubeide_1.4.0/stm32cubeide/plugins/com.st.stm32cube.ide.mcu.externaltools.gnu-tools-for-stm32.7-2018-q2-update.win32_1.4.0.202007081208/tools/bin/../lib/gcc/arm-none-eabi/7.3.1/thumb/v7e-m/fpv4-sp/hard\libgcc.a
LOAD c:/st/stm32cubeide_1.4.0/stm32cubeide/plugins/com.st.stm32cube.ide.mcu.externaltools.gnu-tools-for-stm32.7-2018-q2-update.win32_1.4.0.202007081208/tools/bin/../lib/gcc/arm-none-eabi/7.3.1/../../../../arm-none-eabi/lib/thumb/v7e-m/fpv4-sp/hard\libc_nano.a
END GROUP
START GROUP
LOAD c:/st/stm32cubeide_1.4.0/stm32cubeide/plugins/com.st.stm32cube.ide.mcu.externaltools.gnu-tools-for-stm32.7-2018-q2-update.win32_1.4.0.202007081208/tools/bin/../lib/gcc/arm-none-eabi/7.3.1/thumb/v7e-m/fpv4-sp/hard\libgcc.a
LOAD c:/st/stm32cubeide_1.4.0/stm32cubeide/plugins/com.st.stm32cube.ide.mcu.externaltools.gnu-tools-for-stm32.7-2018-q2-update.win32_1.4.0.202007081208/tools/bin/../lib/gcc/arm-none-eabi/7.3.1/../../../../arm-none-eabi/lib/thumb/v7e-m/fpv4-sp/hard\libc_nano.a
LOAD c:/st/stm32cubeide_1.4.0/stm32cubeide/plugins/com.st.stm32cube.ide.mcu.externaltools.gnu-tools-for-stm32.7-2018-q2-update.win32_1.4.0.202007081208/tools/bin/../lib/gcc/arm-none-eabi/7.3.1/../../../../arm-none-eabi/lib/thumb/v7e-m/fpv4-sp/hard\libnosys.a
END GROUP
START GROUP
LOAD c:/st/stm32cubeide_1.4.0/stm32cubeide/plugins/com.st.stm32cube.ide.mcu.externaltools.gnu-tools-for-stm32.7-2018-q2-update.win32_1.4.0.202007081208/tools/bin/../lib/gcc/arm-none-eabi/7.3.1/thumb/v7e-m/fpv4-sp/hard\libgcc.a
LOAD c:/st/stm32cubeide_1.4.0/stm32cubeide/plugins/com.st.stm32cube.ide.mcu.externaltools.gnu-tools-for-stm32.7-2018-q2-update.win32_1.4.0.202007081208/tools/bin/../lib/gcc/arm-none-eabi/7.3.1/../../../../arm-none-eabi/lib/thumb/v7e-m/fpv4-sp/hard\libc_nano.a
LOAD c:/st/stm32cubeide_1.4.0/stm32cubeide/plugins/com.st.stm32cube.ide.mcu.externaltools.gnu-tools-for-stm32.7-2018-q2-update.win32_1.4.0.202007081208/tools/bin/../lib/gcc/arm-none-eabi/7.3.1/../../../../arm-none-eabi/lib/thumb/v7e-m/fpv4-sp/hard\libnosys.a
END GROUP
LOAD c:/st/stm32cubeide_1.4.0/stm32cubeide/plugins/com.st.stm32cube.ide.mcu.externaltools.gnu-tools-for-stm32.7-2018-q2-update.win32_1.4.0.202007081208/tools/bin/../lib/gcc/arm-none-eabi/7.3.1/thumb/v7e-m/fpv4-sp/hard/crtend.o
LOAD c:/st/stm32cubeide_1.4.0/stm32cubeide/plugins/com.st.stm32cube.ide.mcu.externaltools.gnu-tools-for-stm32.7-2018-q2-update.win32_1.4.0.202007081208/tools/bin/../lib/gcc/arm-none-eabi/7.3.1/thumb/v7e-m/fpv4-sp/hard/crtn.o
                0x0000000020003000                _estack = (ORIGIN (RAM) + LENGTH (RAM))
                0x0000000000000200                _Min_Heap_Size = 0x200
                0x0000000000000400                _Min_Stack_Size = 0x400

.isr_vector     0x0000000008000000      0x188
                0x0000000008000000                . = ALIGN (0x4)
 *(.isr_vector)
 .isr_vector    0x0000000008000000      0x188 Core/Startup/startup_stm32f303k8tx.o
                0x0000000008000000                g_pfnVectors
                0x0000000008000188                . = ALIGN (0x4)

.text           0x0000000008000188     0x10d0
                0x0000000008000188                . = ALIGN (0x4)
 *(.text)
 .text          0x0000000008000188       0x40 c:/st/stm32cubeide_1.4.0/stm32cubeide/plugins/com.st.stm32cube.ide.mcu.externaltools.gnu-tools-for-stm32.7-2018-q2-update.win32_1.4.0.202007081208/tools/bin/../lib/gcc/arm-none-eabi/7.3.1/thumb/v7e-m/fpv4-sp/hard/crtbegin.o
 *(.text*)
 .text.__NVIC_GetPriorityGrouping
                0x00000000080001c8       0x1c Core/Src/gpio.o
 .text.__NVIC_EnableIRQ
                0x00000000080001e4       0x3c Core/Src/gpio.o
 .text.__NVIC_SetPriority
                0x0000000008000220       0x54 Core/Src/gpio.o
 .text.NVIC_EncodePriority
                0x0000000008000274       0x66 Core/Src/gpio.o
 *fill*         0x00000000080002da        0x2 
 .text.LL_AHB1_GRP1_EnableClock
                0x00000000080002dc       0x30 Core/Src/gpio.o
 .text.LL_SYSCFG_SetEXTISource
                0x000000000800030c       0x5c Core/Src/gpio.o
 .text.LL_GPIO_SetPinMode
                0x0000000008000368       0x5e Core/Src/gpio.o
 .text.LL_GPIO_SetPinPull
                0x00000000080003c6       0x5e Core/Src/gpio.o
 .text.LL_GPIO_ResetOutputPin
                0x0000000008000424       0x1c Core/Src/gpio.o
 .text.MX_GPIO_Init
                0x0000000008000440       0xcc Core/Src/gpio.o
                0x0000000008000440                MX_GPIO_Init
 .text.__NVIC_SetPriorityGrouping
                0x000000000800050c       0x48 Core/Src/main.o
 .text.LL_RCC_HSI_Enable
                0x0000000008000554       0x20 Core/Src/main.o
 .text.LL_RCC_HSI_IsReady
                0x0000000008000574       0x24 Core/Src/main.o
 .text.LL_RCC_HSI_SetCalibTrimming
                0x0000000008000598       0x2c Core/Src/main.o
 .text.LL_RCC_SetSysClkSource
                0x00000000080005c4       0x28 Core/Src/main.o
 .text.LL_RCC_GetSysClkSource
                0x00000000080005ec       0x1c Core/Src/main.o
 .text.LL_RCC_SetAHBPrescaler
                0x0000000008000608       0x28 Core/Src/main.o
 .text.LL_RCC_SetAPB1Prescaler
                0x0000000008000630       0x28 Core/Src/main.o
 .text.LL_RCC_SetAPB2Prescaler
                0x0000000008000658       0x28 Core/Src/main.o
 .text.LL_APB1_GRP1_EnableClock
                0x0000000008000680       0x30 Core/Src/main.o
 .text.LL_APB2_GRP1_EnableClock
                0x00000000080006b0       0x30 Core/Src/main.o
 .text.LL_FLASH_SetLatency
                0x00000000080006e0       0x28 Core/Src/main.o
 .text.LL_FLASH_GetLatency
                0x0000000008000708       0x1c Core/Src/main.o
 .text.LL_GPIO_SetOutputPin
                0x0000000008000724       0x1c Core/Src/main.o
 .text.LL_GPIO_ResetOutputPin
                0x0000000008000740       0x1c Core/Src/main.o
 .text.main     0x000000000800075c       0x78 Core/Src/main.o
                0x000000000800075c                main
 .text.SystemClock_Config
                0x00000000080007d4       0x64 Core/Src/main.o
                0x00000000080007d4                SystemClock_Config
 .text.checkButtonState
                0x0000000008000838       0x78 Core/Src/main.o
                0x0000000008000838                checkButtonState
 .text.LL_EXTI_IsActiveFlag_0_31
                0x00000000080008b0       0x2c Core/Src/stm32f3xx_it.o
 .text.LL_EXTI_ClearFlag_0_31
                0x00000000080008dc       0x20 Core/Src/stm32f3xx_it.o
 .text.NMI_Handler
                0x00000000080008fc        0xe Core/Src/stm32f3xx_it.o
                0x00000000080008fc                NMI_Handler
 .text.HardFault_Handler
                0x000000000800090a        0x6 Core/Src/stm32f3xx_it.o
                0x000000000800090a                HardFault_Handler
 .text.MemManage_Handler
                0x0000000008000910        0x6 Core/Src/stm32f3xx_it.o
                0x0000000008000910                MemManage_Handler
 .text.BusFault_Handler
                0x0000000008000916        0x6 Core/Src/stm32f3xx_it.o
                0x0000000008000916                BusFault_Handler
 .text.UsageFault_Handler
                0x000000000800091c        0x6 Core/Src/stm32f3xx_it.o
                0x000000000800091c                UsageFault_Handler
 .text.SVC_Handler
                0x0000000008000922        0xe Core/Src/stm32f3xx_it.o
                0x0000000008000922                SVC_Handler
 .text.DebugMon_Handler
                0x0000000008000930        0xe Core/Src/stm32f3xx_it.o
                0x0000000008000930                DebugMon_Handler
 .text.PendSV_Handler
                0x000000000800093e        0xe Core/Src/stm32f3xx_it.o
                0x000000000800093e                PendSV_Handler
 .text.SysTick_Handler
                0x000000000800094c        0xe Core/Src/stm32f3xx_it.o
                0x000000000800094c                SysTick_Handler
 *fill*         0x000000000800095a        0x2 
 .text.EXTI3_IRQHandler
                0x000000000800095c       0x48 Core/Src/stm32f3xx_it.o
                0x000000000800095c                EXTI3_IRQHandler
 .text.SystemInit
                0x00000000080009a4       0x2c Core/Src/system_stm32f3xx.o
                0x00000000080009a4                SystemInit
 .text.Reset_Handler
                0x00000000080009d0       0x50 Core/Startup/startup_stm32f303k8tx.o
                0x00000000080009d0                Reset_Handler
 .text.Default_Handler
                0x0000000008000a20        0x2 Core/Startup/startup_stm32f303k8tx.o
                0x0000000008000a20                RTC_Alarm_IRQHandler
                0x0000000008000a20                TIM1_CC_IRQHandler
                0x0000000008000a20                PVD_IRQHandler
                0x0000000008000a20                TAMP_STAMP_IRQHandler
                0x0000000008000a20                EXTI0_IRQHandler
                0x0000000008000a20                FPU_IRQHandler
                0x0000000008000a20                CAN_TX_IRQHandler
                0x0000000008000a20                TIM1_UP_TIM16_IRQHandler
                0x0000000008000a20                ADC1_2_IRQHandler
                0x0000000008000a20                SPI1_IRQHandler
                0x0000000008000a20                CAN_SCE_IRQHandler
                0x0000000008000a20                DMA1_Channel4_IRQHandler
                0x0000000008000a20                USART3_IRQHandler
                0x0000000008000a20                DMA1_Channel7_IRQHandler
                0x0000000008000a20                TIM7_DAC2_IRQHandler
                0x0000000008000a20                CAN_RX1_IRQHandler
                0x0000000008000a20                I2C1_EV_IRQHandler
                0x0000000008000a20                DMA1_Channel6_IRQHandler
                0x0000000008000a20                TIM3_IRQHandler
                0x0000000008000a20                RCC_IRQHandler
                0x0000000008000a20                DMA1_Channel1_IRQHandler
                0x0000000008000a20                Default_Handler
                0x0000000008000a20                EXTI15_10_IRQHandler
                0x0000000008000a20                COMP2_IRQHandler
                0x0000000008000a20                TIM6_DAC1_IRQHandler
                0x0000000008000a20                EXTI9_5_IRQHandler
                0x0000000008000a20                RTC_WKUP_IRQHandler
                0x0000000008000a20                DMA1_Channel5_IRQHandler
                0x0000000008000a20                EXTI4_IRQHandler
                0x0000000008000a20                TIM1_TRG_COM_TIM17_IRQHandler
                0x0000000008000a20                DMA1_Channel3_IRQHandler
                0x0000000008000a20                WWDG_IRQHandler
                0x0000000008000a20                TIM2_IRQHandler
                0x0000000008000a20                EXTI1_IRQHandler
                0x0000000008000a20                COMP4_6_IRQHandler
                0x0000000008000a20                USART2_IRQHandler
                0x0000000008000a20                DMA1_Channel2_IRQHandler
                0x0000000008000a20                FLASH_IRQHandler
                0x0000000008000a20                USART1_IRQHandler
                0x0000000008000a20                CAN_RX0_IRQHandler
                0x0000000008000a20                I2C1_ER_IRQHandler
                0x0000000008000a20                EXTI2_TSC_IRQHandler
                0x0000000008000a20                TIM1_BRK_TIM15_IRQHandler
 *fill*         0x0000000008000a22        0x2 
 .text.LL_EXTI_EnableIT_0_31
                0x0000000008000a24       0x24 Drivers/STM32F3xx_HAL_Driver/Src/stm32f3xx_ll_exti.o
 .text.LL_EXTI_EnableIT_32_63
                0x0000000008000a48       0x24 Drivers/STM32F3xx_HAL_Driver/Src/stm32f3xx_ll_exti.o
 .text.LL_EXTI_DisableIT_0_31
                0x0000000008000a6c       0x28 Drivers/STM32F3xx_HAL_Driver/Src/stm32f3xx_ll_exti.o
 .text.LL_EXTI_DisableIT_32_63
                0x0000000008000a94       0x28 Drivers/STM32F3xx_HAL_Driver/Src/stm32f3xx_ll_exti.o
 .text.LL_EXTI_EnableEvent_0_31
                0x0000000008000abc       0x24 Drivers/STM32F3xx_HAL_Driver/Src/stm32f3xx_ll_exti.o
 .text.LL_EXTI_EnableEvent_32_63
                0x0000000008000ae0       0x24 Drivers/STM32F3xx_HAL_Driver/Src/stm32f3xx_ll_exti.o
 .text.LL_EXTI_DisableEvent_0_31
                0x0000000008000b04       0x28 Drivers/STM32F3xx_HAL_Driver/Src/stm32f3xx_ll_exti.o
 .text.LL_EXTI_DisableEvent_32_63
                0x0000000008000b2c       0x28 Drivers/STM32F3xx_HAL_Driver/Src/stm32f3xx_ll_exti.o
 .text.LL_EXTI_EnableRisingTrig_0_31
                0x0000000008000b54       0x24 Drivers/STM32F3xx_HAL_Driver/Src/stm32f3xx_ll_exti.o
 .text.LL_EXTI_EnableRisingTrig_32_63
                0x0000000008000b78       0x24 Drivers/STM32F3xx_HAL_Driver/Src/stm32f3xx_ll_exti.o
 .text.LL_EXTI_DisableRisingTrig_0_31
                0x0000000008000b9c       0x28 Drivers/STM32F3xx_HAL_Driver/Src/stm32f3xx_ll_exti.o
 .text.LL_EXTI_DisableRisingTrig_32_63
                0x0000000008000bc4       0x28 Drivers/STM32F3xx_HAL_Driver/Src/stm32f3xx_ll_exti.o
 .text.LL_EXTI_EnableFallingTrig_0_31
                0x0000000008000bec       0x24 Drivers/STM32F3xx_HAL_Driver/Src/stm32f3xx_ll_exti.o
 .text.LL_EXTI_EnableFallingTrig_32_63
                0x0000000008000c10       0x24 Drivers/STM32F3xx_HAL_Driver/Src/stm32f3xx_ll_exti.o
 .text.LL_EXTI_DisableFallingTrig_0_31
                0x0000000008000c34       0x28 Drivers/STM32F3xx_HAL_Driver/Src/stm32f3xx_ll_exti.o
 .text.LL_EXTI_DisableFallingTrig_32_63
                0x0000000008000c5c       0x28 Drivers/STM32F3xx_HAL_Driver/Src/stm32f3xx_ll_exti.o
 .text.LL_EXTI_Init
                0x0000000008000c84      0x1d0 Drivers/STM32F3xx_HAL_Driver/Src/stm32f3xx_ll_exti.o
                0x0000000008000c84                LL_EXTI_Init
 .text.LL_GPIO_SetPinMode
                0x0000000008000e54       0x5e Drivers/STM32F3xx_HAL_Driver/Src/stm32f3xx_ll_gpio.o
 .text.LL_GPIO_SetPinOutputType
                0x0000000008000eb2       0x30 Drivers/STM32F3xx_HAL_Driver/Src/stm32f3xx_ll_gpio.o
 .text.LL_GPIO_SetPinSpeed
                0x0000000008000ee2       0x5e Drivers/STM32F3xx_HAL_Driver/Src/stm32f3xx_ll_gpio.o
 .text.LL_GPIO_SetPinPull
                0x0000000008000f40       0x5e Drivers/STM32F3xx_HAL_Driver/Src/stm32f3xx_ll_gpio.o
 .text.LL_GPIO_SetAFPin_0_7
                0x0000000008000f9e       0x5e Drivers/STM32F3xx_HAL_Driver/Src/stm32f3xx_ll_gpio.o
 .text.LL_GPIO_SetAFPin_8_15
                0x0000000008000ffc       0x62 Drivers/STM32F3xx_HAL_Driver/Src/stm32f3xx_ll_gpio.o
 .text.LL_GPIO_Init
                0x000000000800105e       0xe0 Drivers/STM32F3xx_HAL_Driver/Src/stm32f3xx_ll_gpio.o
                0x000000000800105e                LL_GPIO_Init
 *fill*         0x000000000800113e        0x2 
 .text.LL_InitTick
                0x0000000008001140       0x34 Drivers/STM32F3xx_HAL_Driver/Src/stm32f3xx_ll_utils.o
 .text.LL_Init1msTick
                0x0000000008001174       0x1a Drivers/STM32F3xx_HAL_Driver/Src/stm32f3xx_ll_utils.o
                0x0000000008001174                LL_Init1msTick
 *fill*         0x000000000800118e        0x2 
 .text.LL_mDelay
                0x0000000008001190       0x48 Drivers/STM32F3xx_HAL_Driver/Src/stm32f3xx_ll_utils.o
                0x0000000008001190                LL_mDelay
 .text.LL_SetSystemCoreClock
                0x00000000080011d8       0x20 Drivers/STM32F3xx_HAL_Driver/Src/stm32f3xx_ll_utils.o
                0x00000000080011d8                LL_SetSystemCoreClock
 .text.__libc_init_array
                0x00000000080011f8       0x48 c:/st/stm32cubeide_1.4.0/stm32cubeide/plugins/com.st.stm32cube.ide.mcu.externaltools.gnu-tools-for-stm32.7-2018-q2-update.win32_1.4.0.202007081208/tools/bin/../lib/gcc/arm-none-eabi/7.3.1/../../../../arm-none-eabi/lib/thumb/v7e-m/fpv4-sp/hard\libc_nano.a(lib_a-init.o)
                0x00000000080011f8                __libc_init_array
 *(.glue_7)
 .glue_7        0x0000000008001240        0x0 linker stubs
 *(.glue_7t)
 .glue_7t       0x0000000008001240        0x0 linker stubs
 *(.eh_frame)
 .eh_frame      0x0000000008001240        0x0 c:/st/stm32cubeide_1.4.0/stm32cubeide/plugins/com.st.stm32cube.ide.mcu.externaltools.gnu-tools-for-stm32.7-2018-q2-update.win32_1.4.0.202007081208/tools/bin/../lib/gcc/arm-none-eabi/7.3.1/thumb/v7e-m/fpv4-sp/hard/crtbegin.o
 *(.init)
 .init          0x0000000008001240        0x4 c:/st/stm32cubeide_1.4.0/stm32cubeide/plugins/com.st.stm32cube.ide.mcu.externaltools.gnu-tools-for-stm32.7-2018-q2-update.win32_1.4.0.202007081208/tools/bin/../lib/gcc/arm-none-eabi/7.3.1/thumb/v7e-m/fpv4-sp/hard/crti.o
                0x0000000008001240                _init
 .init          0x0000000008001244        0x8 c:/st/stm32cubeide_1.4.0/stm32cubeide/plugins/com.st.stm32cube.ide.mcu.externaltools.gnu-tools-for-stm32.7-2018-q2-update.win32_1.4.0.202007081208/tools/bin/../lib/gcc/arm-none-eabi/7.3.1/thumb/v7e-m/fpv4-sp/hard/crtn.o
 *(.fini)
 .fini          0x000000000800124c        0x4 c:/st/stm32cubeide_1.4.0/stm32cubeide/plugins/com.st.stm32cube.ide.mcu.externaltools.gnu-tools-for-stm32.7-2018-q2-update.win32_1.4.0.202007081208/tools/bin/../lib/gcc/arm-none-eabi/7.3.1/thumb/v7e-m/fpv4-sp/hard/crti.o
                0x000000000800124c                _fini
 .fini          0x0000000008001250        0x8 c:/st/stm32cubeide_1.4.0/stm32cubeide/plugins/com.st.stm32cube.ide.mcu.externaltools.gnu-tools-for-stm32.7-2018-q2-update.win32_1.4.0.202007081208/tools/bin/../lib/gcc/arm-none-eabi/7.3.1/thumb/v7e-m/fpv4-sp/hard/crtn.o
                0x0000000008001258                . = ALIGN (0x4)
                0x0000000008001258                _etext = .

.vfp11_veneer   0x0000000008001258        0x0
 .vfp11_veneer  0x0000000008001258        0x0 linker stubs

.v4_bx          0x0000000008001258        0x0
 .v4_bx         0x0000000008001258        0x0 linker stubs

.iplt           0x0000000008001258        0x0
 .iplt          0x0000000008001258        0x0 c:/st/stm32cubeide_1.4.0/stm32cubeide/plugins/com.st.stm32cube.ide.mcu.externaltools.gnu-tools-for-stm32.7-2018-q2-update.win32_1.4.0.202007081208/tools/bin/../lib/gcc/arm-none-eabi/7.3.1/thumb/v7e-m/fpv4-sp/hard/crtbegin.o

.rel.dyn        0x0000000008001258        0x0
 .rel.iplt      0x0000000008001258        0x0 c:/st/stm32cubeide_1.4.0/stm32cubeide/plugins/com.st.stm32cube.ide.mcu.externaltools.gnu-tools-for-stm32.7-2018-q2-update.win32_1.4.0.202007081208/tools/bin/../lib/gcc/arm-none-eabi/7.3.1/thumb/v7e-m/fpv4-sp/hard/crtbegin.o

.rodata         0x0000000008001258        0x0
                0x0000000008001258                . = ALIGN (0x4)
 *(.rodata)
 *(.rodata*)
                0x0000000008001258                . = ALIGN (0x4)

.ARM.extab      0x0000000008001258        0x0
                0x0000000008001258                . = ALIGN (0x4)
 *(.ARM.extab* .gnu.linkonce.armextab.*)
                0x0000000008001258                . = ALIGN (0x4)

.ARM            0x0000000008001258        0x0
                0x0000000008001258                . = ALIGN (0x4)
                0x0000000008001258                __exidx_start = .
 *(.ARM.exidx*)
                0x0000000008001258                __exidx_end = .
                0x0000000008001258                . = ALIGN (0x4)

.preinit_array  0x0000000008001258        0x0
                0x0000000008001258                . = ALIGN (0x4)
                0x0000000008001258                PROVIDE (__preinit_array_start = .)
 *(.preinit_array*)
                0x0000000008001258                PROVIDE (__preinit_array_end = .)
                0x0000000008001258                . = ALIGN (0x4)

.init_array     0x0000000008001258        0x4
                0x0000000008001258                . = ALIGN (0x4)
                0x0000000008001258                PROVIDE (__init_array_start = .)
 *(SORT_BY_NAME(.init_array.*))
 *(.init_array*)
 .init_array    0x0000000008001258        0x4 c:/st/stm32cubeide_1.4.0/stm32cubeide/plugins/com.st.stm32cube.ide.mcu.externaltools.gnu-tools-for-stm32.7-2018-q2-update.win32_1.4.0.202007081208/tools/bin/../lib/gcc/arm-none-eabi/7.3.1/thumb/v7e-m/fpv4-sp/hard/crtbegin.o
                0x000000000800125c                PROVIDE (__init_array_end = .)
                0x000000000800125c                . = ALIGN (0x4)

.fini_array     0x000000000800125c        0x4
                0x000000000800125c                . = ALIGN (0x4)
                [!provide]                        PROVIDE (__fini_array_start = .)
 *(SORT_BY_NAME(.fini_array.*))
 *(.fini_array*)
 .fini_array    0x000000000800125c        0x4 c:/st/stm32cubeide_1.4.0/stm32cubeide/plugins/com.st.stm32cube.ide.mcu.externaltools.gnu-tools-for-stm32.7-2018-q2-update.win32_1.4.0.202007081208/tools/bin/../lib/gcc/arm-none-eabi/7.3.1/thumb/v7e-m/fpv4-sp/hard/crtbegin.o
                [!provide]                        PROVIDE (__fini_array_end = .)
                0x0000000008001260                . = ALIGN (0x4)
                0x0000000008001260                _sidata = LOADADDR (.data)

.data           0x0000000020000000        0x4 load address 0x0000000008001260
                0x0000000020000000                . = ALIGN (0x4)
                0x0000000020000000                _sdata = .
 *(.data)
 *(.data*)
 .data.SystemCoreClock
                0x0000000020000000        0x4 Core/Src/system_stm32f3xx.o
                0x0000000020000000                SystemCoreClock
                0x0000000020000004                . = ALIGN (0x4)
                0x0000000020000004                _edata = .

.igot.plt       0x0000000020000004        0x0 load address 0x0000000008001264
 .igot.plt      0x0000000020000004        0x0 c:/st/stm32cubeide_1.4.0/stm32cubeide/plugins/com.st.stm32cube.ide.mcu.externaltools.gnu-tools-for-stm32.7-2018-q2-update.win32_1.4.0.202007081208/tools/bin/../lib/gcc/arm-none-eabi/7.3.1/thumb/v7e-m/fpv4-sp/hard/crtbegin.o
                0x0000000020000004                . = ALIGN (0x4)

.bss            0x0000000020000004       0x20 load address 0x0000000008001264
                0x0000000020000004                _sbss = .
                0x0000000020000004                __bss_start__ = _sbss
 *(.bss)
 .bss           0x0000000020000004       0x1c c:/st/stm32cubeide_1.4.0/stm32cubeide/plugins/com.st.stm32cube.ide.mcu.externaltools.gnu-tools-for-stm32.7-2018-q2-update.win32_1.4.0.202007081208/tools/bin/../lib/gcc/arm-none-eabi/7.3.1/thumb/v7e-m/fpv4-sp/hard/crtbegin.o
 *(.bss*)
 .bss.switch_state
                0x0000000020000020        0x1 Core/Src/main.o
                0x0000000020000020                switch_state
 *(COMMON)
                0x0000000020000024                . = ALIGN (0x4)
 *fill*         0x0000000020000021        0x3 
                0x0000000020000024                _ebss = .
                0x0000000020000024                __bss_end__ = _ebss

._user_heap_stack
                0x0000000020000024      0x604 load address 0x0000000008001264
                0x0000000020000028                . = ALIGN (0x8)
 *fill*         0x0000000020000024        0x4 
                [!provide]                        PROVIDE (end = .)
                0x0000000020000028                PROVIDE (_end = .)
                0x0000000020000228                . = (. + _Min_Heap_Size)
 *fill*         0x0000000020000028      0x200 
                0x0000000020000628                . = (. + _Min_Stack_Size)
 *fill*         0x0000000020000228      0x400 
                0x0000000020000628                . = ALIGN (0x8)

/DISCARD/
 libc.a(*)
 libm.a(*)
 libgcc.a(*)

.ARM.attributes
                0x0000000000000000       0x30
 *(.ARM.attributes)
 .ARM.attributes
                0x0000000000000000       0x22 c:/st/stm32cubeide_1.4.0/stm32cubeide/plugins/com.st.stm32cube.ide.mcu.externaltools.gnu-tools-for-stm32.7-2018-q2-update.win32_1.4.0.202007081208/tools/bin/../lib/gcc/arm-none-eabi/7.3.1/thumb/v7e-m/fpv4-sp/hard/crti.o
 .ARM.attributes
                0x0000000000000022       0x34 c:/st/stm32cubeide_1.4.0/stm32cubeide/plugins/com.st.stm32cube.ide.mcu.externaltools.gnu-tools-for-stm32.7-2018-q2-update.win32_1.4.0.202007081208/tools/bin/../lib/gcc/arm-none-eabi/7.3.1/thumb/v7e-m/fpv4-sp/hard/crtbegin.o
 .ARM.attributes
                0x0000000000000056       0x39 Core/Src/gpio.o
 .ARM.attributes
                0x000000000000008f       0x39 Core/Src/main.o
 .ARM.attributes
                0x00000000000000c8       0x39 Core/Src/stm32f3xx_it.o
 .ARM.attributes
                0x0000000000000101       0x39 Core/Src/system_stm32f3xx.o
 .ARM.attributes
                0x000000000000013a       0x21 Core/Startup/startup_stm32f303k8tx.o
 .ARM.attributes
                0x000000000000015b       0x39 Drivers/STM32F3xx_HAL_Driver/Src/stm32f3xx_ll_exti.o
 .ARM.attributes
                0x0000000000000194       0x39 Drivers/STM32F3xx_HAL_Driver/Src/stm32f3xx_ll_gpio.o
 .ARM.attributes
                0x00000000000001cd       0x39 Drivers/STM32F3xx_HAL_Driver/Src/stm32f3xx_ll_utils.o
 .ARM.attributes
                0x0000000000000206       0x34 c:/st/stm32cubeide_1.4.0/stm32cubeide/plugins/com.st.stm32cube.ide.mcu.externaltools.gnu-tools-for-stm32.7-2018-q2-update.win32_1.4.0.202007081208/tools/bin/../lib/gcc/arm-none-eabi/7.3.1/../../../../arm-none-eabi/lib/thumb/v7e-m/fpv4-sp/hard\libc_nano.a(lib_a-init.o)
 .ARM.attributes
                0x000000000000023a       0x22 c:/st/stm32cubeide_1.4.0/stm32cubeide/plugins/com.st.stm32cube.ide.mcu.externaltools.gnu-tools-for-stm32.7-2018-q2-update.win32_1.4.0.202007081208/tools/bin/../lib/gcc/arm-none-eabi/7.3.1/thumb/v7e-m/fpv4-sp/hard/crtn.o
OUTPUT(cv5.elf elf32-littlearm)

.debug_info     0x0000000000000000     0x3165
 .debug_info    0x0000000000000000      0xbf1 Core/Src/gpio.o
 .debug_info    0x0000000000000bf1      0x836 Core/Src/main.o
 .debug_info    0x0000000000001427      0x3d7 Core/Src/stm32f3xx_it.o
 .debug_info    0x00000000000017fe      0x400 Core/Src/system_stm32f3xx.o
 .debug_info    0x0000000000001bfe       0x22 Core/Startup/startup_stm32f303k8tx.o
 .debug_info    0x0000000000001c20      0x550 Drivers/STM32F3xx_HAL_Driver/Src/stm32f3xx_ll_exti.o
 .debug_info    0x0000000000002170      0x7e2 Drivers/STM32F3xx_HAL_Driver/Src/stm32f3xx_ll_gpio.o
 .debug_info    0x0000000000002952      0x813 Drivers/STM32F3xx_HAL_Driver/Src/stm32f3xx_ll_utils.o

.debug_abbrev   0x0000000000000000      0xcf3
 .debug_abbrev  0x0000000000000000      0x245 Core/Src/gpio.o
 .debug_abbrev  0x0000000000000245      0x1e4 Core/Src/main.o
 .debug_abbrev  0x0000000000000429      0x166 Core/Src/stm32f3xx_it.o
 .debug_abbrev  0x000000000000058f      0x111 Core/Src/system_stm32f3xx.o
 .debug_abbrev  0x00000000000006a0       0x12 Core/Startup/startup_stm32f303k8tx.o
 .debug_abbrev  0x00000000000006b2      0x19e Drivers/STM32F3xx_HAL_Driver/Src/stm32f3xx_ll_exti.o
 .debug_abbrev  0x0000000000000850      0x212 Drivers/STM32F3xx_HAL_Driver/Src/stm32f3xx_ll_gpio.o
 .debug_abbrev  0x0000000000000a62      0x291 Drivers/STM32F3xx_HAL_Driver/Src/stm32f3xx_ll_utils.o

.debug_aranges  0x0000000000000000      0x3f0
 .debug_aranges
                0x0000000000000000       0x68 Core/Src/gpio.o
 .debug_aranges
                0x0000000000000068       0xb0 Core/Src/main.o
 .debug_aranges
                0x0000000000000118       0x78 Core/Src/stm32f3xx_it.o
 .debug_aranges
                0x0000000000000190       0x28 Core/Src/system_stm32f3xx.o
 .debug_aranges
                0x00000000000001b8       0x28 Core/Startup/startup_stm32f303k8tx.o
 .debug_aranges
                0x00000000000001e0       0xb0 Drivers/STM32F3xx_HAL_Driver/Src/stm32f3xx_ll_exti.o
 .debug_aranges
                0x0000000000000290       0x70 Drivers/STM32F3xx_HAL_Driver/Src/stm32f3xx_ll_gpio.o
 .debug_aranges
                0x0000000000000300       0xf0 Drivers/STM32F3xx_HAL_Driver/Src/stm32f3xx_ll_utils.o

.debug_ranges   0x0000000000000000      0x378
 .debug_ranges  0x0000000000000000       0x58 Core/Src/gpio.o
 .debug_ranges  0x0000000000000058       0xa0 Core/Src/main.o
 .debug_ranges  0x00000000000000f8       0x68 Core/Src/stm32f3xx_it.o
 .debug_ranges  0x0000000000000160       0x18 Core/Src/system_stm32f3xx.o
 .debug_ranges  0x0000000000000178       0x20 Core/Startup/startup_stm32f303k8tx.o
 .debug_ranges  0x0000000000000198       0xa0 Drivers/STM32F3xx_HAL_Driver/Src/stm32f3xx_ll_exti.o
 .debug_ranges  0x0000000000000238       0x60 Drivers/STM32F3xx_HAL_Driver/Src/stm32f3xx_ll_gpio.o
 .debug_ranges  0x0000000000000298       0xe0 Drivers/STM32F3xx_HAL_Driver/Src/stm32f3xx_ll_utils.o

.debug_macro    0x0000000000000000    0x143c6
 .debug_macro   0x0000000000000000      0x12d Core/Src/gpio.o
 .debug_macro   0x000000000000012d      0xa90 Core/Src/gpio.o
 .debug_macro   0x0000000000000bbd       0x2e Core/Src/gpio.o
 .debug_macro   0x0000000000000beb       0x28 Core/Src/gpio.o
 .debug_macro   0x0000000000000c13       0x22 Core/Src/gpio.o
 .debug_macro   0x0000000000000c35       0x8e Core/Src/gpio.o
 .debug_macro   0x0000000000000cc3       0x51 Core/Src/gpio.o
 .debug_macro   0x0000000000000d14       0xef Core/Src/gpio.o
 .debug_macro   0x0000000000000e03       0x6a Core/Src/gpio.o
 .debug_macro   0x0000000000000e6d      0x1df Core/Src/gpio.o
 .debug_macro   0x000000000000104c       0x1c Core/Src/gpio.o
 .debug_macro   0x0000000000001068       0x22 Core/Src/gpio.o
 .debug_macro   0x000000000000108a       0xdf Core/Src/gpio.o
 .debug_macro   0x0000000000001169      0xf07 Core/Src/gpio.o
 .debug_macro   0x0000000000002070    0x10bd9 Core/Src/gpio.o
 .debug_macro   0x0000000000012c49       0x43 Core/Src/gpio.o
 .debug_macro   0x0000000000012c8c      0x4bc Core/Src/gpio.o
 .debug_macro   0x0000000000013148       0xe1 Core/Src/gpio.o
 .debug_macro   0x0000000000013229      0x29f Core/Src/gpio.o
 .debug_macro   0x00000000000134c8       0xfe Core/Src/gpio.o
 .debug_macro   0x00000000000135c6       0x28 Core/Src/gpio.o
 .debug_macro   0x00000000000135ee       0x30 Core/Src/gpio.o
 .debug_macro   0x000000000001361e       0xa8 Core/Src/gpio.o
 .debug_macro   0x00000000000136c6      0x287 Core/Src/gpio.o
 .debug_macro   0x000000000001394d      0x142 Core/Src/gpio.o
 .debug_macro   0x0000000000013a8f       0x40 Core/Src/gpio.o
 .debug_macro   0x0000000000013acf      0x13a Core/Src/main.o
 .debug_macro   0x0000000000013c09       0x34 Core/Src/main.o
 .debug_macro   0x0000000000013c3d      0x140 Core/Src/stm32f3xx_it.o
 .debug_macro   0x0000000000013d7d       0x2e Core/Src/stm32f3xx_it.o
 .debug_macro   0x0000000000013dab       0xc3 Core/Src/system_stm32f3xx.o
 .debug_macro   0x0000000000013e6e       0xea Drivers/STM32F3xx_HAL_Driver/Src/stm32f3xx_ll_exti.o
 .debug_macro   0x0000000000013f58       0xf8 Drivers/STM32F3xx_HAL_Driver/Src/stm32f3xx_ll_exti.o
 .debug_macro   0x0000000000014050       0xff Drivers/STM32F3xx_HAL_Driver/Src/stm32f3xx_ll_gpio.o
 .debug_macro   0x000000000001414f      0x13c Drivers/STM32F3xx_HAL_Driver/Src/stm32f3xx_ll_gpio.o
 .debug_macro   0x000000000001428b      0x13b Drivers/STM32F3xx_HAL_Driver/Src/stm32f3xx_ll_utils.o

.debug_line     0x0000000000000000     0x2d2a
 .debug_line    0x0000000000000000      0x691 Core/Src/gpio.o
 .debug_line    0x0000000000000691      0x73f Core/Src/main.o
 .debug_line    0x0000000000000dd0      0x65c Core/Src/stm32f3xx_it.o
 .debug_line    0x000000000000142c      0x47a Core/Src/system_stm32f3xx.o
 .debug_line    0x00000000000018a6       0x85 Core/Startup/startup_stm32f303k8tx.o
 .debug_line    0x000000000000192b      0x642 Drivers/STM32F3xx_HAL_Driver/Src/stm32f3xx_ll_exti.o
 .debug_line    0x0000000000001f6d      0x661 Drivers/STM32F3xx_HAL_Driver/Src/stm32f3xx_ll_gpio.o
 .debug_line    0x00000000000025ce      0x75c Drivers/STM32F3xx_HAL_Driver/Src/stm32f3xx_ll_utils.o

.debug_str      0x0000000000000000    0x6da48
 .debug_str     0x0000000000000000    0x6be1c Core/Src/gpio.o
                                      0x6c0bc (size before relaxing)
 .debug_str     0x000000000006be1c      0x2b3 Core/Src/main.o
                                      0x6be05 (size before relaxing)
 .debug_str     0x000000000006c0cf      0x141 Core/Src/stm32f3xx_it.o
                                      0x6bc24 (size before relaxing)
 .debug_str     0x000000000006c210       0x73 Core/Src/system_stm32f3xx.o
                                      0x6523f (size before relaxing)
 .debug_str     0x000000000006c283       0x36 Core/Startup/startup_stm32f303k8tx.o
                                         0xac (size before relaxing)
 .debug_str     0x000000000006c2b9      0x477 Drivers/STM32F3xx_HAL_Driver/Src/stm32f3xx_ll_exti.o
                                      0x65b5f (size before relaxing)
 .debug_str     0x000000000006c730      0x600 Drivers/STM32F3xx_HAL_Driver/Src/stm32f3xx_ll_gpio.o
                                      0x6658e (size before relaxing)
 .debug_str     0x000000000006cd30      0xd18 Drivers/STM32F3xx_HAL_Driver/Src/stm32f3xx_ll_utils.o
                                      0x6a250 (size before relaxing)

.comment        0x0000000000000000       0x7b
 .comment       0x0000000000000000       0x7b Core/Src/gpio.o
                                         0x7c (size before relaxing)
 .comment       0x000000000000007b       0x7c Core/Src/main.o
 .comment       0x000000000000007b       0x7c Core/Src/stm32f3xx_it.o
 .comment       0x000000000000007b       0x7c Core/Src/system_stm32f3xx.o
 .comment       0x000000000000007b       0x7c Drivers/STM32F3xx_HAL_Driver/Src/stm32f3xx_ll_exti.o
 .comment       0x000000000000007b       0x7c Drivers/STM32F3xx_HAL_Driver/Src/stm32f3xx_ll_gpio.o
 .comment       0x000000000000007b       0x7c Drivers/STM32F3xx_HAL_Driver/Src/stm32f3xx_ll_utils.o

.debug_frame    0x0000000000000000      0xefc
 .debug_frame   0x0000000000000000      0x194 Core/Src/gpio.o
 .debug_frame   0x0000000000000194      0x2c8 Core/Src/main.o
 .debug_frame   0x000000000000045c      0x184 Core/Src/stm32f3xx_it.o
 .debug_frame   0x00000000000005e0       0x58 Core/Src/system_stm32f3xx.o
 .debug_frame   0x0000000000000638      0x2fc Drivers/STM32F3xx_HAL_Driver/Src/stm32f3xx_ll_exti.o
 .debug_frame   0x0000000000000934      0x1c0 Drivers/STM32F3xx_HAL_Driver/Src/stm32f3xx_ll_gpio.o
 .debug_frame   0x0000000000000af4      0x3dc Drivers/STM32F3xx_HAL_Driver/Src/stm32f3xx_ll_utils.o
 .debug_frame   0x0000000000000ed0       0x2c c:/st/stm32cubeide_1.4.0/stm32cubeide/plugins/com.st.stm32cube.ide.mcu.externaltools.gnu-tools-for-stm32.7-2018-q2-update.win32_1.4.0.202007081208/tools/bin/../lib/gcc/arm-none-eabi/7.3.1/../../../../arm-none-eabi/lib/thumb/v7e-m/fpv4-sp/hard\libc_nano.a(lib_a-init.o)
